# run D — GATE-0 runner, Unitree pack TRACKED, same clean clone. rc=1, 5m08s
CI GATE — tier=commit  (2026-08-22T10:57:29Z)
==============================================================================
[  PASS] HARD  ruff                       ruff 0.16.1: 7 violation(s), baseline 7, new 0
[  PASS] HARD  unitree-assets             upstream_revision ae6a8403e272 == pin: True | payload: 19 manifest file(s), 27.1 MiB on disk | shipping closure: 20 path(s) under third_party/unitree_mujoco/, unmanifested=0 hidden=0 | gitlinks under third_party/unitree_mujoco/: 0 | city_block.xml: compiled 139 geom / 26 mesh in 0.30s | city_block_b.xml: compiled 132 geom / 24 mesh in 0.09s
[  PASS] HARD  hard-safety                nav frozen baseline nav-instruct-v1-baseline-v4-20260811T070536Z: collisions=0 false_arrival=0 | mutation panel clean: collisions=0 no_false_arrival=True | mutation panel freshness: committed fields reproduce live = True | follow-bench: 7 row(s), hard_collision_total all 0 = True | walk_with_me: 1/2 row(s) with hard_collision_total, all 0 = True
[  PASS] HARD  release-parity             91 packaged asset(s) byte-identical to canonical source
[  PASS] HARD  assertion-evals            5 frozen fixture(s) reproduce 20 pinned finding(s) byte-identically; harness self-test 4/4 (3 broken agents failed, clean control passed); pass^1 green on f03_estop_pass_k; 0/3 committed run folder(s) present | evals/20260820/owner_session_1: absent (gitignored session; not scored); evals/20260820/voice_corpus_v1/live_run_1: absent (gitignored session; not scored); evals/20260820/voice_corpus_v1/replay_run_1: absent (gitignored session; not scored)
[  PASS] HARD  tier-coverage              8729 collected = 8648 commit (-m 'not slow') + 81 nightly (-m 'slow'), no orphans, no overlap
[  PASS] HARD  model-off-non-inferiority  23 passed in 0.43s
[  PASS] HARD  release-parity-integrity   10 passed in 0.68s
[  FAIL] HARD  owner-store-isolation      1 failed, 4 passed, 1 skipped in 0.64s
    FAILED tests/test_owner_store_isolation.py::test_no_shipped_config_can_be_launched_onto_the_owner_store
[  FAIL] HARD  default-suite              51 failed, 8564 passed, 31 skipped, 81 deselected, 3 xfailed, 28 warnings in 293.19s (0:04:53)
    FAILED tests/test_barn_all_ray_shield_v8_corpus.py::test_current_evaluator_and_generator_source_closure_is_freezable
    FAILED tests/test_barn_frontier_detour_v4.py::test_development_ledger_pins_full_report_hashes_without_requiring_reports
    FAILED tests/test_barn_official_doctor.py::test_current_host_audit_is_read_only_and_never_grants_official_claim
    FAILED tests/test_barn_official_doctor.py::test_rootless_smoke_evidence_is_bound_to_raw_row_and_non_official_claims
    FAILED tests/test_barn_official_doctor.py::test_rootless_smoke_rejects_claim_escalation
    FAILED tests/test_barn_v10_planner_profile.py::test_exact_freeze_authenticates_recomputed_one_file_plan_and_training_scope
    FAILED tests/test_barn_v10_planner_profile.py::test_profile_source_mutation_is_rejected_after_freeze
    FAILED tests/test_barn_v10_planner_profile.py::test_s4_numeric_screen_is_exact_except_declared_identity_substitutions
    FAILED tests/test_barn_v10_planner_profile.py::test_authenticated_wrapper_is_only_candidate_specific_materialization_entry_point
    FAILED tests/test_barn_v10_planner_profile_candidate.py::test_real_v10_candidate_is_a_read_only_one_profile_plan
    FAILED tests/test_barn_v9_candidate_integration.py::test_exact_candidate_bundle_runs_through_the_isolated_policy_sidecar
    FAILED tests/test_barn_v9_protocol.py::test_checked_in_protocol_and_complete_training_corpus_verify_fail_closed
==============================================================================
RESULT: FAIL — 2 hard gate(s) red: owner-store-isolation, default-suite
  elapsed 307.6s
{
  "elapsed_s": 307.6318231810583,
  "gates": [
    {
      "detail": "ruff 0.16.1: 7 violation(s), baseline 7, new 0",
      "extra": {},
      "hard": true,
      "name": "ruff",
      "status": "pass",
      "tier": "commit"
    },
    {
      "detail": "upstream_revision ae6a8403e272 == pin: True | payload: 19 manifest file(s), 27.1 MiB on disk | shipping closure: 20 path(s) under third_party/unitree_mujoco/, unmanifested=0 hidden=0 | gitlinks under third_party/unitree_mujoco/: 0 | city_block.xml: compiled 139 geom / 26 mesh in 0.30s | city_block_b.xml: compiled 132 geom / 24 mesh in 0.09s",
      "extra": {
        "checks": [
          "upstream_revision ae6a8403e272 == pin: True",
          "payload: 19 manifest file(s), 27.1 MiB on disk",
          "shipping closure: 20 path(s) under third_party/unitree_mujoco/, unmanifested=0 hidden=0",
          "gitlinks under third_party/unitree_mujoco/: 0",
          "city_block.xml: compiled 139 geom / 26 mesh in 0.30s",
          "city_block_b.xml: compiled 132 geom / 24 mesh in 0.09s"
        ]
      },
      "hard": true,
      "name": "unitree-assets",
      "status": "pass",
      "tier": "commit"
    },
    {
      "detail": "nav frozen baseline nav-instruct-v1-baseline-v4-20260811T070536Z: collisions=0 false_arrival=0 | mutation panel clean: collisions=0 no_false_arrival=True | mutation panel freshness: committed fields reproduce live = True | follow-bench: 7 row(s), hard_collision_total all 0 = True | walk_with_me: 1/2 row(s) with hard_collision_total, all 0 = True",
      "extra": {
        "checks": [
          "nav frozen baseline nav-instruct-v1-baseline-v4-20260811T070536Z: collisions=0 false_arrival=0",
          "mutation panel clean: collisions=0 no_false_arrival=True",
          "mutation panel freshness: committed fields reproduce live = True",
          "follow-bench: 7 row(s), hard_collision_total all 0 = True",
          "walk_with_me: 1/2 row(s) with hard_collision_total, all 0 = True"
        ]
      },
      "hard": true,
      "name": "hard-safety",
      "status": "pass",
      "tier": "commit"
    },
    {
      "detail": "91 packaged asset(s) byte-identical to canonical source",
      "extra": {
        "checked": 91
      },
      "hard": true,
      "name": "release-parity",
      "status": "pass",
      "tier": "commit"
    },
    {
      "detail": "5 frozen fixture(s) reproduce 20 pinned finding(s) byte-identically; harness self-test 4/4 (3 broken agents failed, clean control passed); pass^1 green on f03_estop_pass_k; 0/3 committed run folder(s) present | evals/20260820/owner_session_1: absent (gitignored session; not scored); evals/20260820/voice_corpus_v1/live_run_1: absent (gitignored session; not scored); evals/20260820/voice_corpus_v1/replay_run_1: absent (gitignored session; not scored)",
      "extra": {
        "estop": {
          "k": 1,
          "negatives": 2,
          "reason": "3 positive trial(s) latched and released, 2 negative(s) held",
          "status": "pass",
          "trials": 3
        },
        "fixture_matrix": {
          "note": "the fixture set contains failing sessions on purpose; this is not a verdict",
          "overall": "fail",
          "safety": "fail"
        },
        "k": 1,
        "notes": [
          "evals/20260820/owner_session_1: absent (gitignored session; not scored)",
          "evals/20260820/voice_corpus_v1/live_run_1: absent (gitignored session; not scored)",
          "evals/20260820/voice_corpus_v1/replay_run_1: absent (gitignored session; not scored)"
        ],
        "runs": {},
        "self_test": {
          "always_claims_success_agent": "fail",
          "clean_agent": "pass",
          "null_agent": "fail",
          "random_tool_agent": "fail"
        }
      },
      "hard": true,
      "name": "assertion-evals",
      "status": "pass",
      "tier": "commit"
    },
    {
      "detail": "8729 collected = 8648 commit (-m 'not slow') + 81 nightly (-m 'slow'), no orphans, no overlap",
      "extra": {
        "collected": 8729,
        "collected_line": "8729 tests collected in 1.52s",
        "commit_markers": "not slow",
        "commit_selected": 8648,
        "doubled": [],
        "nightly_markers": "slow",
        "nightly_selected": 81,
        "orphaned": []
      },
      "hard": true,
      "name": "tier-coverage",
      "status": "pass",
      "tier": "commit"
    },
    {
      "detail": "23 passed in 0.43s",
      "extra": {},
      "hard": true,
      "name": "model-off-non-inferiority",
      "status": "pass",
      "tier": "commit"
    },
    {
      "detail": "10 passed in 0.68s",
      "extra": {},
      "hard": true,
      "name": "release-parity-integrity",
      "status": "pass",
      "tier": "commit"
    },
    {
      "detail": "1 failed, 4 passed, 1 skipped in 0.64s\n    FAILED tests/test_owner_store_isolation.py::test_no_shipped_config_can_be_launched_onto_the_owner_store",
      "extra": {
        "returncode": 1
      },
      "hard": true,
      "name": "owner-store-isolation",
      "status": "fail",
      "tier": "commit"
    },
    {
      "detail": "51 failed, 8564 passed, 31 skipped, 81 deselected, 3 xfailed, 28 warnings in 293.19s (0:04:53)\n    FAILED tests/test_barn_all_ray_shield_v8_corpus.py::test_current_evaluator_and_generator_source_closure_is_freezable\n    FAILED tests/test_barn_frontier_detour_v4.py::test_development_ledger_pins_full_report_hashes_without_requiring_reports\n    FAILED tests/test_barn_official_doctor.py::test_current_host_audit_is_read_only_and_never_grants_official_claim\n    FAILED tests/test_barn_official_doctor.py::test_rootless_smoke_evidence_is_bound_to_raw_row_and_non_official_claims\n    FAILED tests/test_barn_official_doctor.py::test_rootless_smoke_rejects_claim_escalation\n    FAILED tests/test_barn_v10_planner_profile.py::test_exact_freeze_authenticates_recomputed_one_file_plan_and_training_scope\n    FAILED tests/test_barn_v10_planner_profile.py::test_profile_source_mutation_is_rejected_after_freeze\n    FAILED tests/test_barn_v10_planner_profile.py::test_s4_numeric_screen_is_exact_except_declared_identity_substitutions\n    FAILED tests/test_barn_v10_planner_profile.py::test_authenticated_wrapper_is_only_candidate_specific_materialization_entry_point\n    FAILED tests/test_barn_v10_planner_profile_candidate.py::test_real_v10_candidate_is_a_read_only_one_profile_plan\n    FAILED tests/test_barn_v9_candidate_integration.py::test_exact_candidate_bundle_runs_through_the_isolated_policy_sidecar\n    FAILED tests/test_barn_v9_protocol.py::test_checked_in_protocol_and_complete_training_corpus_verify_fail_closed",
      "extra": {
        "returncode": 1
      },
      "hard": true,
      "name": "default-suite",
      "status": "fail",
      "tier": "commit"
    }
  ],
  "tier": "commit"
}
