Parcel sim ready: /home/jaewoo-jang/Desktop/Projects/Parcel/src/parcel_robot/scenes/city_block.xml
Listening for poses/walk/trajectory on /tmp/parcel-c1-live-545056.sock
Controls: W/S A/D Q/E Space, 1=sit 2=bow, or run parcel-control
Failed to load plugin 'libdecor-gtk.so': failed to init
No plugins found, falling back on no decorations
/home/jaewoo-jang/Desktop/Projects/Parcel/.parcel/lib/python3.14/site-packages/glfw/__init__.py:917: GLFWError: (65548) b'Wayland: The platform does not provide the window position'
  warnings.warn(message, GLFWError)
WARNING: OpenGL error 0x502 in or before mjr_makeContext

stop requested
walk command: vx=0.08 vy=0.00 vyaw=0.10 style=trot
walk command: vx=0.08 vy=0.00 vyaw=0.10 style=trot
walk command: vx=0.08 vy=0.00 vyaw=0.10 style=trot
walk command: vx=0.06 vy=0.00 vyaw=0.10 style=trot
walk command: vx=0.03 vy=0.00 vyaw=0.10 style=trot
walk command: vx=0.02 vy=0.00 vyaw=0.10 style=trot
walk command: vx=0.01 vy=0.00 vyaw=0.10 style=trot
walk command: vx=0.00 vy=0.00 vyaw=0.10 style=trot
emergency stop latched
emergency stop cleared
stop requested
walk command: vx=0.00 vy=0.00 vyaw=0.10 style=trot
walk command: vx=0.08 vy=0.00 vyaw=0.10 style=trot
walk command: vx=0.08 vy=0.00 vyaw=0.10 style=trot
walk command: vx=0.08 vy=0.00 vyaw=0.10 style=trot
walk command: vx=0.08 vy=0.00 vyaw=0.10 style=trot
walk command: vx=0.08 vy=0.00 vyaw=0.10 style=trot
walk command: vx=0.08 vy=0.00 vyaw=0.10 style=trot
walk command: vx=0.08 vy=0.00 vyaw=0.10 style=trot
walk command: vx=0.08 vy=0.00 vyaw=0.10 style=trot
walk command: vx=0.08 vy=0.00 vyaw=0.10 style=trot
walk command: vx=0.08 vy=0.00 vyaw=0.10 style=trot
walk command: vx=0.08 vy=0.00 vyaw=0.10 style=trot
emergency stop latched
/home/jaewoo-jang/Desktop/Projects/Parcel/.parcel/lib/python3.14/site-packages/glfw/__init__.py:917: GLFWError: (65537) b'The GLFW library is not initialized'
  warnings.warn(message, GLFWError)
