[INFO] Training with: device=cuda:0, seed=42, rank=0
[INFO] Logging experiment in directory: logs/rsl_rl/go2_velocity/2026-08-29_18-51-35_mjlab1-h3-pinned
Setting seed: 42
Warp 1.12.0 initialized:
   CUDA Toolkit 12.9, Driver 13.2
   Devices:
     "cpu"      : "CPU"
     "cuda:0"   : "NVIDIA RTX 5000 Ada Generation" (31 GiB, sm_89, mempool enabled)
   Kernel cache:
     /home/jaewoo-jang/.cache/warp/1.12.0
Warp DeprecationWarning: The symbol `warp.context.runtime` will soon be removed from the public API. It can still be accessed from `warp._src.context.runtime` but might be changed or removed without notice.
Module mujoco_warp._src.smooth 12773d5 load on device 'cuda:0' took 1.94 ms  (cached)
Module mujoco_warp._src.collision_driver 4d8b905 load on device 'cuda:0' took 0.26 ms  (cached)
Module _nxn_broadphase__locals__kernel_551438e6 551438e load on device 'cuda:0' took 0.26 ms  (cached)
Module _primitive_narrowphase__locals__primitive_narrowphase_8e09ca21 8e09ca2 load on device 'cuda:0' took 0.45 ms  (cached)
Module mujoco_warp._src.constraint abf7b17 load on device 'cuda:0' took 1.62 ms  (cached)
Module _actuator_velocity__locals__actuator_velocity_9d476fc0 fac4890 load on device 'cuda:0' took 0.30 ms  (cached)
Module mujoco_warp._src.passive f6d4bb4 load on device 'cuda:0' took 0.54 ms  (cached)
Module mujoco_warp._src.sensor a122b42 load on device 'cuda:0' took 2.10 ms  (cached)
Module mujoco_warp._src.forward 6f039ed load on device 'cuda:0' took 0.55 ms  (cached)
Module mujoco_warp._src.support 343d1ae load on device 'cuda:0' took 0.34 ms  (cached)
Module _tile_cholesky_factorize_solve__locals__cholesky_factorize_solve_886404d2 159512a load on device 'cuda:0' took 27.06 ms  (cached)
Module mujoco_warp._src.solver f11a68d load on device 'cuda:0' took 0.94 ms  (cached)
Module solve_init_jaref__locals__kernel_6e624303 6e62430 load on device 'cuda:0' took 0.28 ms  (cached)
Module mul_m_dense__locals___mul_m_dense_c372b8a5 c372b8a load on device 'cuda:0' took 0.27 ms  (cached)
Module update_constraint_gauss_cost__locals__kernel_ef360293 ef36029 load on device 'cuda:0' took 0.31 ms  (cached)
Module update_gradient_JTDAJ_dense_tiled__locals__kernel_def480de c277d2e load on device 'cuda:0' took 22.71 ms  (cached)
Module update_gradient_cholesky__locals__kernel_10e97a41 ebdd544 load on device 'cuda:0' took 28.44 ms  (cached)
Module linesearch_jv_fused__locals__kernel_25c90185 25c9018 load on device 'cuda:0' took 0.32 ms  (cached)
Module linesearch_prepare_gauss__locals__kernel_7bbb5979 7bbb597 load on device 'cuda:0' took 0.33 ms  (cached)
Module _contact_sort__locals__contact_sort_c2bd81ce 47863e6 load on device 'cuda:0' took 0.32 ms  (cached)
Module mujoco_warp._src.derivative ed5cf13 load on device 'cuda:0' took 0.42 ms  (cached)
Module _qderiv_actuator_passive_actuation_dense__locals__kernel_7e415bf2 3a95e7f load on device 'cuda:0' took 23.66 ms  (cached)
Module reset_data__locals__reset_xfrc_applied_f86f0829 f86f082 load on device 'cuda:0' took 0.28 ms  (cached)
Module reset_data__locals__reset_qM_1511185b 1511185 load on device 'cuda:0' took 0.28 ms  (cached)
Module reset_data__locals__reset_mocap_11135362 1113536 load on device 'cuda:0' took 0.25 ms  (cached)
Module reset_data__locals__reset_contact_76c1c25e 76c1c25 load on device 'cuda:0' took 0.26 ms  (cached)
Module reset_data__locals__reset_nworld_d108b6ac d108b6a load on device 'cuda:0' took 0.31 ms  (cached)

+---------------------------------+
|         Base Environment        |
+------------------------+--------+
| Property               | Value  |
+------------------------+--------+
| Number of environments | 64     |
| Environment device     | cuda:0 |
| Environment seed       | 42     |
| Physics step-size      | 0.005  |
| Environment step-size  | 0.02   |
+------------------------+--------+

[INFO] <EventManager> contains 3 active terms.
+-------------------------------------+
| Active Event Terms in Mode: 'reset' |
+--------+----------------------------+
| Index  | Name                       |
+--------+----------------------------+
|   0    | reset_base                 |
|   1    | reset_robot_joints         |
+--------+----------------------------+
+----------------------------------------------+
|    Active Event Terms in Mode: 'interval'    |
+-------+------------+-------------------------+
| Index | Name       | Interval time range (s) |
+-------+------------+-------------------------+
|   0   | push_robot |        (5.0, 6.0)       |
+-------+------------+-------------------------+
+---------------------------------------+
| Active Event Terms in Mode: 'startup' |
+-----------+---------------------------+
|   Index   | Name                      |
+-----------+---------------------------+
|     0     | foot_friction             |
|     1     | encoder_bias              |
|     2     | base_com                  |
+-----------+---------------------------+
+-----------------------------+
| Domain Randomization Fields |
+-------+---------------------+
| Index | Field Name          |
+-------+---------------------+
|   0   | geom_friction       |
|   1   | body_ipos           |
|   2   | body_subtreemass    |
|   3   | dof_invweight0      |
|   4   | body_invweight0     |
|   5   | tendon_length0      |
|   6   | tendon_invweight0   |
+-------+---------------------+

Module repeat_array_kernel_39317a34 b712927 load on device 'cuda:0' took 0.33 ms  (cached)
Module repeat_array_kernel_39317a34 b699bd8 load on device 'cuda:0' took 0.32 ms  (cached)
Module repeat_array_kernel_39317a34 363ede1 load on device 'cuda:0' took 0.37 ms  (cached)
[INFO] <CommandManager> contains 1 active terms.
+----------------------------------------+
|          Active Command Terms          |
+-------+-------+------------------------+
| Index | Name  |          Type          |
+-------+-------+------------------------+
|   0   | twist | UniformVelocityCommand |
+-------+-------+------------------------+

[INFO] <ActionManager> contains 1 active terms.
+---------------------------------+
| Active Action Terms (shape: 12) |
+-------+-----------+-------------+
| Index | Name      |   Dimension |
+-------+-----------+-------------+
|   0   | joint_pos |          12 |
+-------+-----------+-------------+

[INFO] <ObservationManager> contains 2 groups.
+-----------------------------------------------------------+
| Active Observation Terms in Group: 'actor' (shape: (47,)) |
+--------+------------------------+-------------------------+
| Index  | Name                   |          Shape          |
+--------+------------------------+-------------------------+
|   0    | base_ang_vel           |      (3,)  ← 1×(3,)     |
|   1    | projected_gravity      |      (3,)  ← 1×(3,)     |
|   2    | command                |      (3,)  ← 1×(3,)     |
|   3    | phase                  |      (2,)  ← 1×(2,)     |
|   4    | joint_pos              |     (12,)  ← 1×(12,)    |
|   5    | joint_vel              |     (12,)  ← 1×(12,)    |
|   6    | actions                |     (12,)  ← 1×(12,)    |
+--------+------------------------+-------------------------+
+------------------------------------------------------------+
| Active Observation Terms in Group: 'critic' (shape: (74,)) |
+--------+--------------------------+------------------------+
| Index  | Name                     |         Shape          |
+--------+--------------------------+------------------------+
|   0    | base_ang_vel             |     (3,)  ← 1×(3,)     |
|   1    | projected_gravity        |     (3,)  ← 1×(3,)     |
|   2    | command                  |     (3,)  ← 1×(3,)     |
|   3    | phase                    |     (2,)  ← 1×(2,)     |
|   4    | joint_pos                |    (12,)  ← 1×(12,)    |
|   5    | joint_vel                |    (12,)  ← 1×(12,)    |
|   6    | actions                  |    (12,)  ← 1×(12,)    |
|   7    | base_lin_vel             |     (3,)  ← 1×(3,)     |
|   8    | foot_height              |     (4,)  ← 1×(4,)     |
|   9    | foot_air_time            |     (4,)  ← 1×(4,)     |
|   10   | foot_contact             |     (4,)  ← 1×(4,)     |
|   11   | foot_contact_forces      |    (12,)  ← 1×(12,)    |
+--------+--------------------------+------------------------+
wandb: WARNING `start_method` is deprecated and will be removed in a future version of wandb. This setting is currently non-functional and safely ignored.

[INFO] <TerminationManager> contains 3 active terms.
+------------------------------------+
|      Active Termination Terms      |
+-------+-----------------+----------+
| Index | Name            | Time Out |
+-------+-----------------+----------+
|   0   | time_out        |   True   |
|   1   | fell_over       |  False   |
|   2   | illegal_contact |  False   |
+-------+-----------------+----------+

[INFO] <RewardManager> contains 15 active terms.
+-------------------------------------------+
|            Active Reward Terms            |
+-------+------------------------+----------+
| Index | Name                   |   Weight |
+-------+------------------------+----------+
|   0   | track_linear_velocity  |      1.0 |
|   1   | track_angular_velocity |      1.0 |
|   2   | body_orientation_l2    |     -1.0 |
|   3   | pose                   |      1.0 |
|   4   | body_ang_vel           |    -0.05 |
|   5   | angular_momentum       |   -0.025 |
|   6   | is_terminated          |   -200.0 |
|   7   | joint_acc_l2           | -2.5e-07 |
|   8   | joint_pos_limits       |    -10.0 |
|   9   | action_rate_l2         |    -0.05 |
|   10  | foot_gait              |      0.5 |
|   11  | foot_clearance         |     -1.0 |
|   12  | foot_slip              |    -0.25 |
|   13  | soft_landing           |   -0.001 |
|   14  | stand_still            |     -1.0 |
+-------+------------------------+----------+

[INFO] <CurriculumManager> contains 1 active terms.
+-------------------------+
| Active Curriculum Terms |
+--------+----------------+
| Index  | Name           |
+--------+----------------+
|   0    | command_vel    |
+--------+----------------+

[INFO] <MetricsManager> contains 1 active terms.
+-------------------------+
|   Active Metrics Terms  |
+-------+-----------------+
| Index | Name            |
+-------+-----------------+
|   0   | mean_action_acc |
+-------+-----------------+

Module mujoco_warp._src.io b0ffa0e load on device 'cuda:0' took 1.12 ms  (cached)
Module _tile_cholesky_factorize__locals__cholesky_factorize_bd98e5db 78076c6 load on device 'cuda:0' took 19.94 ms  (cached)
Module _tile_cholesky_solve__locals__cholesky_solve_7bd08b0a 54b9810 load on device 'cuda:0' took 19.04 ms  (cached)
--------------------------------------------------------------------------------
Resolved observation sets: 
	 actor :  ('actor',)
	 critic :  ('critic',)
--------------------------------------------------------------------------------
Actor Model: MLPModel(
  (obs_normalizer): EmpiricalNormalization()
  (distribution): GaussianDistribution()
  (mlp): MLP(
    (0): Linear(in_features=47, out_features=512, bias=True)
    (1): ELU(alpha=1.0)
    (2): Linear(in_features=512, out_features=256, bias=True)
    (3): ELU(alpha=1.0)
    (4): Linear(in_features=256, out_features=128, bias=True)
    (5): ELU(alpha=1.0)
    (6): Linear(in_features=128, out_features=12, bias=True)
  )
)
Critic Model: MLPModel(
  (obs_normalizer): EmpiricalNormalization()
  (mlp): MLP(
    (0): Linear(in_features=74, out_features=512, bias=True)
    (1): ELU(alpha=1.0)
    (2): Linear(in_features=512, out_features=256, bias=True)
    (3): ELU(alpha=1.0)
    (4): Linear(in_features=256, out_features=128, bias=True)
    (5): ELU(alpha=1.0)
    (6): Linear(in_features=128, out_features=1, bias=True)
  )
)
Could not find git repository in /home/jaewoo-jang/.cache/parcel-0e/venv-unitree-mjlab-20260829/lib/python3.11/site-packages/rsl_rl/__init__.py. Skipping.
Storing git diff for 'unitree_rl_mjlab-20260829' in: logs/rsl_rl/go2_velocity/2026-08-29_18-51-35_mjlab1-h3-pinned/git/unitree_rl_mjlab-20260829.diff
################################################################################
[1m                             Learning iteration 0/3                             [0m 

                               Run name: mjlab1-h3-pinned
                            Total steps: 1536 
                       Steps per second: 1645 
                        Collection time: 0.787s 
                          Learning time: 0.146s 
                        Mean value loss: 1.1164
                    Mean surrogate loss: 0.0020
                      Mean entropy loss: 17.0220
                            Mean reward: -3.26
                    Mean episode length: 17.05
                        Mean action std: 1.00
   Episode_Reward/track_linear_velocity: 0.0005
  Episode_Reward/track_angular_velocity: 0.0041
     Episode_Reward/body_orientation_l2: -0.0001
                    Episode_Reward/pose: 0.0069
            Episode_Reward/body_ang_vel: -0.0015
        Episode_Reward/angular_momentum: -0.0000
           Episode_Reward/is_terminated: -0.0868
            Episode_Reward/joint_acc_l2: -0.0006
        Episode_Reward/joint_pos_limits: 0.0000
          Episode_Reward/action_rate_l2: -0.0111
               Episode_Reward/foot_gait: 0.0023
          Episode_Reward/foot_clearance: -0.0011
               Episode_Reward/foot_slip: -0.0007
            Episode_Reward/soft_landing: -0.0006
             Episode_Reward/stand_still: -0.0000
        Episode_Metrics/mean_action_acc: 1.0285
             Metrics/twist/error_vel_xy: 0.0263
            Metrics/twist/error_vel_yaw: 0.0128
           Episode_Termination/time_out: 0.2500
          Episode_Termination/fell_over: 0.0000
    Episode_Termination/illegal_contact: 0.9167
          Metrics/angular_momentum_mean: 0.3823
             Metrics/slip_velocity_mean: 0.2117
             Metrics/landing_force_mean: 79.2718
--------------------------------------------------------------------------------
                         Iteration time: 0.93s
                           Time elapsed: 00:00:00
                                    ETA: 00:00:01

################################################################################
[1m                             Learning iteration 1/3                             [0m 

                               Run name: mjlab1-h3-pinned
                            Total steps: 3072 
                       Steps per second: 4767 
                        Collection time: 0.263s 
                          Learning time: 0.059s 
                        Mean value loss: 1.7734
                    Mean surrogate loss: -0.0322
                      Mean entropy loss: 17.0250
                            Mean reward: -3.82
                    Mean episode length: 26.73
                        Mean action std: 1.00
   Episode_Reward/track_linear_velocity: 0.0060
  Episode_Reward/track_angular_velocity: 0.0103
     Episode_Reward/body_orientation_l2: -0.0008
                    Episode_Reward/pose: 0.0253
            Episode_Reward/body_ang_vel: -0.0048
        Episode_Reward/angular_momentum: -0.0001
           Episode_Reward/is_terminated: -0.2000
            Episode_Reward/joint_acc_l2: -0.0016
        Episode_Reward/joint_pos_limits: 0.0000
          Episode_Reward/action_rate_l2: -0.0397
               Episode_Reward/foot_gait: 0.0080
          Episode_Reward/foot_clearance: -0.0035
               Episode_Reward/foot_slip: -0.0024
            Episode_Reward/soft_landing: -0.0016
             Episode_Reward/stand_still: -0.0002
        Episode_Metrics/mean_action_acc: 1.9173
             Metrics/twist/error_vel_xy: 0.0755
            Metrics/twist/error_vel_yaw: 0.0644
           Episode_Termination/time_out: 0.0000
          Episode_Termination/fell_over: 0.0000
    Episode_Termination/illegal_contact: 2.3333
          Metrics/angular_momentum_mean: 0.3741
             Metrics/slip_velocity_mean: 0.2216
             Metrics/landing_force_mean: 80.5762
--------------------------------------------------------------------------------
                         Iteration time: 0.32s
                           Time elapsed: 00:00:01
                                    ETA: 00:00:00

################################################################################
[1m                             Learning iteration 2/3                             [0m 

                               Run name: mjlab1-h3-pinned
                            Total steps: 4608 
                       Steps per second: 4537 
                        Collection time: 0.278s 
                          Learning time: 0.061s 
                        Mean value loss: 1.4688
                    Mean surrogate loss: -0.0327
                      Mean entropy loss: 17.0293
                            Mean reward: -3.90
                    Mean episode length: 31.13
                        Mean action std: 1.00
   Episode_Reward/track_linear_velocity: 0.0082
  Episode_Reward/track_angular_velocity: 0.0114
     Episode_Reward/body_orientation_l2: -0.0010
                    Episode_Reward/pose: 0.0273
            Episode_Reward/body_ang_vel: -0.0055
        Episode_Reward/angular_momentum: -0.0002
           Episode_Reward/is_terminated: -0.1944
            Episode_Reward/joint_acc_l2: -0.0020
        Episode_Reward/joint_pos_limits: 0.0000
          Episode_Reward/action_rate_l2: -0.0432
               Episode_Reward/foot_gait: 0.0089
          Episode_Reward/foot_clearance: -0.0043
               Episode_Reward/foot_slip: -0.0032
            Episode_Reward/soft_landing: -0.0021
             Episode_Reward/stand_still: 0.0000
        Episode_Metrics/mean_action_acc: 1.9166
             Metrics/twist/error_vel_xy: 0.0613
            Metrics/twist/error_vel_yaw: 0.0714
           Episode_Termination/time_out: 0.0833
          Episode_Termination/fell_over: 0.0000
    Episode_Termination/illegal_contact: 2.1250
          Metrics/angular_momentum_mean: 0.3796
             Metrics/slip_velocity_mean: 0.2273
             Metrics/landing_force_mean: 79.7463
--------------------------------------------------------------------------------
                         Iteration time: 0.34s
                           Time elapsed: 00:00:01
                                    ETA: 00:00:00

