{"progress": 100, "total": 120}
	Command being timed: "python3 research/20260829/dynamic-social-progress-2/experiment.py --split development --no-trace --output research/20260829/dynamic-social-progress-2/development-result.json"
	User time (seconds): 4.09
	System time (seconds): 0.01
	Percent of CPU this job got: 100%
	Elapsed (wall clock) time (h:mm:ss or m:ss): 0:04.11
	Average shared text size (kbytes): 0
	Average unshared data size (kbytes): 0
	Average stack size (kbytes): 0
	Average total size (kbytes): 0
	Maximum resident set size (kbytes): 32452
	Average resident set size (kbytes): 0
	Major (requiring I/O) page faults: 0
	Minor (reclaiming a frame) page faults: 5710
	Voluntary context switches: 1
	Involuntary context switches: 23
	Swaps: 0
	File system inputs: 0
	File system outputs: 1264
	Socket messages sent: 0
	Socket messages received: 0
	Signals delivered: 0
	Page size (bytes): 4096
	Exit status: 0
