[FL1a] building corpora (train 1000 owners x 50 jokes, eval 100 owners x 32 jokes)
[FL1a] train frames 12,721,901 (10619 episodes, 50000 jokes) | eval frames 824,307 (3200 jokes) [76s]
[FL1a] training policyC_hist (8000 steps)
    step     0/8000 loss 4.3438 (0s)
    step   250/8000 loss 0.2515 (9s)
    step   500/8000 loss 0.1933 (18s)
    step   750/8000 loss 0.1616 (27s)
    step  1000/8000 loss 0.1510 (36s)
    step  1250/8000 loss 0.1491 (46s)
    step  1500/8000 loss 0.1309 (58s)
    step  1750/8000 loss 0.1422 (71s)
    step  2000/8000 loss 0.1115 (82s)
    step  2250/8000 loss 0.1322 (94s)
    step  2500/8000 loss 0.1348 (103s)
    step  2750/8000 loss 0.1155 (112s)
    step  3000/8000 loss 0.1073 (121s)
    step  3250/8000 loss 0.1216 (130s)
    step  3500/8000 loss 0.0989 (138s)
    step  3750/8000 loss 0.0963 (143s)
    step  4000/8000 loss 0.0942 (149s)
    step  4250/8000 loss 0.1058 (154s)
    step  4500/8000 loss 0.1207 (159s)
    step  4750/8000 loss 0.0977 (165s)
    step  5000/8000 loss 0.1310 (170s)
    step  5250/8000 loss 0.0987 (176s)
    step  5500/8000 loss 0.0995 (181s)
    step  5750/8000 loss 0.1054 (184s)
    step  6000/8000 loss 0.0854 (186s)
    step  6250/8000 loss 0.0774 (188s)
    step  6500/8000 loss 0.0885 (191s)
    step  6750/8000 loss 0.0872 (193s)
    step  7000/8000 loss 0.0730 (196s)
    step  7250/8000 loss 0.0813 (198s)
    step  7500/8000 loss 0.0972 (200s)
    step  7750/8000 loss 0.0999 (203s)
    step  7999/8000 loss 0.0886 (205s)
[FL1a] training policyC_nohist (8000 steps)
    step     0/8000 loss 4.4388 (0s)
    step   250/8000 loss 0.2569 (2s)
    step   500/8000 loss 0.1927 (5s)
    step   750/8000 loss 0.1543 (7s)
    step  1000/8000 loss 0.1564 (9s)
    step  1250/8000 loss 0.1382 (12s)
    step  1500/8000 loss 0.1318 (14s)
    step  1750/8000 loss 0.1354 (16s)
    step  2000/8000 loss 0.1110 (19s)
    step  2250/8000 loss 0.1414 (21s)
    step  2500/8000 loss 0.1354 (23s)
    step  2750/8000 loss 0.1268 (26s)
    step  3000/8000 loss 0.1143 (28s)
    step  3250/8000 loss 0.1417 (30s)
    step  3500/8000 loss 0.1098 (33s)
    step  3750/8000 loss 0.1065 (35s)
    step  4000/8000 loss 0.1109 (37s)
    step  4250/8000 loss 0.1209 (40s)
    step  4500/8000 loss 0.1283 (42s)
    step  4750/8000 loss 0.1222 (44s)
    step  5000/8000 loss 0.1493 (47s)
    step  5250/8000 loss 0.1214 (49s)
    step  5500/8000 loss 0.1049 (51s)
    step  5750/8000 loss 0.1298 (54s)
    step  6000/8000 loss 0.1069 (56s)
    step  6250/8000 loss 0.0997 (58s)
    step  6500/8000 loss 0.1032 (61s)
    step  6750/8000 loss 0.1072 (63s)
    step  7000/8000 loss 0.0869 (65s)
    step  7250/8000 loss 0.1157 (68s)
    step  7500/8000 loss 0.1217 (70s)
    step  7750/8000 loss 0.1180 (73s)
    step  7999/8000 loss 0.1096 (75s)
[FL1a] trained [357s]; params 4,857,425
[FL1a] moment-matched population Beta prior: a0=0.3012 b0=0.3763 mean=0.4446
[FL1a] clean          oracle F1=0.833 rule=0.721 policyC_hist=0.700 policyC_nohist=0.000 [357s]
[FL1a] det_q0.0_m0.0  oracle F1=0.833 rule=0.667 policyC_hist=0.615 policyC_nohist=0.000 [358s]
[FL1a] det_q0.0_m0.3  oracle F1=0.833 rule=0.600 policyC_hist=0.571 policyC_nohist=0.000 [358s]
[FL1a] det_q0.1_m0.0  oracle F1=0.833 rule=0.628 policyC_hist=0.615 policyC_nohist=0.000 [359s]
[FL1a] det_q0.1_m0.3  oracle F1=0.833 rule=0.625 policyC_hist=0.571 policyC_nohist=0.000 [359s]
[FL1a] det_q0.3_m0.0  oracle F1=0.833 rule=0.667 policyC_hist=0.625 policyC_nohist=0.000 [360s]
[FL1a] det_q0.3_m0.3  oracle F1=0.833 rule=0.593 policyC_hist=0.600 policyC_nohist=0.000 [360s]
[FL1a] AUROC hist=0.807 nohist=0.515
[FL1a] probe {'7of7_laughed': {'mean': 0.7483425140380859, 'max': 0.9591543078422546, 'frac_ge_thresh': 0.84}, '0of7_silent': {'mean': 0.07865537703037262, 'max': 0.2120688110589981, 'frac_ge_thresh': 0.0}, '4of4_laughed': {'mean': 0.759024441242218, 'max': 0.9532750844955444, 'frac_ge_thresh': 0.84}, '0of4_silent': {'mean': 0.12432367354631424, 'max': 0.4532618820667267, 'frac_ge_thresh': 0.0}, 'unseen_0of0': {'mean': 0.34084370732307434, 'max': 0.7879312038421631, 'frac_ge_thresh': 0.03}}
wrote fl1a.json
