{
  "base_pose": {
    "drift_xy_m": 0.0,
    "drift_z_m": 0.0,
    "max_excursion_xy_m": 0.0,
    "poll_errors": 0,
    "samples": 588
  },
  "byte_identity": {
    "byte_identical": true,
    "composer_messages": 1699,
    "first_difference": null,
    "today_messages": 1699
  },
  "composer": {
    "clamp_events": 0,
    "emergency_ticks": 3000,
    "epoch": 1,
    "hold_ticks": 14963,
    "limited_ticks": 0,
    "max_clamp_excess_frac": 0.0,
    "seq": 29955
  },
  "derivatives": {
    "gaze_pitch": {
      "declared_jerk_bound": 5000.0,
      "max_abs_d1": 0.0,
      "max_abs_d2": 0.0,
      "max_abs_d3": 0.0,
      "max_d3_over_bound_ratio": 0.0,
      "samples": 29952,
      "ticks_over_bound": 0,
      "ticks_over_bound_beyond_1pct": 0
    },
    "gaze_yaw": {
      "declared_jerk_bound": 4000.0,
      "max_abs_d1": 22.233172,
      "max_abs_d2": 1118.2615,
      "max_abs_d3": 111274.34,
      "max_d3_over_bound_ratio": 27.81858,
      "samples": 29952,
      "ticks_over_bound": 3,
      "ticks_over_bound_beyond_1pct": 3
    },
    "posture_dz": {
      "declared_jerk_bound": 100.0,
      "max_abs_d1": 0.006283,
      "max_abs_d2": 0.2943,
      "max_abs_d3": 14.72,
      "max_d3_over_bound_ratio": 0.14716,
      "samples": 29952,
      "ticks_over_bound": 0,
      "ticks_over_bound_beyond_1pct": 0
    },
    "posture_pitch": {
      "declared_jerk_bound": 500.0,
      "max_abs_d1": 0.124228,
      "max_abs_d2": 6.2101,
      "max_abs_d3": 311.17,
      "max_d3_over_bound_ratio": 0.62235,
      "samples": 29952,
      "ticks_over_bound": 0,
      "ticks_over_bound_beyond_1pct": 0
    },
    "posture_roll": {
      "declared_jerk_bound": 500.0,
      "max_abs_d1": 0.0,
      "max_abs_d2": 0.0,
      "max_abs_d3": 0.0,
      "max_d3_over_bound_ratio": 0.0,
      "samples": 29952,
      "ticks_over_bound": 0,
      "ticks_over_bound_beyond_1pct": 0
    }
  },
  "emission_hz_mean": 49.924,
  "envelope_violations": 0,
  "estop": {
    "hold_seen": true,
    "injected": true,
    "intent_latency_ms": 17.6596,
    "intent_latency_ticks": 0.883,
    "wire_stop_latency_ms": 17.6596,
    "wire_stop_latency_ticks": 0.883
  },
  "fake_quadruped": {
    "dropped_axes": {
      "posture": 11963
    },
    "frames": 29955,
    "hold_frames": 14963,
    "manifest": "research_fake_quadruped",
    "move_frames": 14992,
    "neck_yaw_rad": 0.0,
    "rate_refusals": 14,
    "watchdog_faults": 0
  },
  "gap_ms_max": 70.321,
  "gap_ms_p50": 20.0,
  "gap_ms_p99": 22.052,
  "gaps_over_100ms": 0,
  "go2_stub": {
    "adapter_calls_attempted": 29955,
    "adapter_refusals": 29955,
    "calls_planned": {
      "Euler": 1108,
      "Move": 14992,
      "StopMove": 14963
    }
  },
  "ipc": {
    "local_validation_failures": [],
    "messages_sent": 13663,
    "reply_samples": 273,
    "seeded_rejection_probe": "expression.FL_thigh exceeds the expressive overlay limit",
    "server_rejections": [],
    "transport_drops": 0,
    "transport_retries": 0
  },
  "seconds": 600.011,
  "sim_adapter": {
    "expression_publishes": 11964,
    "stop_publishes": 1,
    "velocity_publishes": 1698
  },
  "state": "estop",
  "ticks": 29955,
  "trace_points": 1198
}
wrote /home/jaewoo-jang/Desktop/Projects/Parcel/research/20260823/continuous-body-intent/results/state_estop.json
