{
  "base_pose": {
    "drift_xy_m": 0.0,
    "drift_z_m": 0.0,
    "max_excursion_xy_m": 0.0,
    "poll_errors": 0,
    "samples": 589
  },
  "byte_identity": {
    "byte_identical": true,
    "composer_messages": 0,
    "first_difference": null,
    "today_messages": 0
  },
  "composer": {
    "clamp_events": 0,
    "emergency_ticks": 0,
    "epoch": 0,
    "hold_ticks": 29911,
    "limited_ticks": 0,
    "max_clamp_excess_frac": 0.0,
    "seq": 29911
  },
  "derivatives": {
    "gaze_pitch": {
      "declared_jerk_bound": 5000.0,
      "max_abs_d1": 0.0,
      "max_abs_d2": 0.0,
      "max_abs_d3": 0.0,
      "max_d3_over_bound_ratio": 0.0,
      "samples": 29908,
      "ticks_over_bound": 0,
      "ticks_over_bound_beyond_1pct": 0
    },
    "gaze_yaw": {
      "declared_jerk_bound": 4000.0,
      "max_abs_d1": 1.159475,
      "max_abs_d2": 57.8396,
      "max_abs_d3": 2897.68,
      "max_d3_over_bound_ratio": 0.72442,
      "samples": 29908,
      "ticks_over_bound": 0,
      "ticks_over_bound_beyond_1pct": 0
    },
    "posture_dz": {
      "declared_jerk_bound": 100.0,
      "max_abs_d1": 0.006283,
      "max_abs_d2": 0.0099,
      "max_abs_d3": 0.02,
      "max_d3_over_bound_ratio": 0.00016,
      "samples": 29908,
      "ticks_over_bound": 0,
      "ticks_over_bound_beyond_1pct": 0
    },
    "posture_pitch": {
      "declared_jerk_bound": 500.0,
      "max_abs_d1": 0.136954,
      "max_abs_d2": 6.8101,
      "max_abs_d3": 341.15,
      "max_d3_over_bound_ratio": 0.68231,
      "samples": 29908,
      "ticks_over_bound": 0,
      "ticks_over_bound_beyond_1pct": 0
    },
    "posture_roll": {
      "declared_jerk_bound": 500.0,
      "max_abs_d1": 0.0,
      "max_abs_d2": 0.0,
      "max_abs_d3": 0.0,
      "max_d3_over_bound_ratio": 0.0,
      "samples": 29908,
      "ticks_over_bound": 0,
      "ticks_over_bound_beyond_1pct": 0
    }
  },
  "emission_hz_mean": 49.849,
  "envelope_violations": 0,
  "estop": {
    "injected": false
  },
  "fake_quadruped": {
    "dropped_axes": {
      "posture": 29910
    },
    "frames": 29911,
    "hold_frames": 29911,
    "manifest": "research_fake_quadruped",
    "move_frames": 0,
    "neck_yaw_rad": 0.0,
    "rate_refusals": 0,
    "watchdog_faults": 0
  },
  "gap_ms_max": 71.276,
  "gap_ms_p50": 20.0,
  "gap_ms_p99": 20.437,
  "gaps_over_100ms": 0,
  "go2_stub": {
    "adapter_calls_attempted": 29911,
    "adapter_refusals": 29911,
    "calls_planned": {
      "Euler": 2381,
      "Move": 0,
      "StopMove": 29911
    }
  },
  "ipc": {
    "local_validation_failures": [],
    "messages_sent": 29911,
    "reply_samples": 598,
    "seeded_rejection_probe": "expression.FL_thigh exceeds the expressive overlay limit",
    "server_rejections": [],
    "transport_drops": 0,
    "transport_retries": 0
  },
  "seconds": 600.029,
  "sim_adapter": {
    "expression_publishes": 29911,
    "stop_publishes": 0,
    "velocity_publishes": 0
  },
  "state": "idle_hold",
  "ticks": 29911,
  "trace_points": 1196
}
wrote /home/jaewoo-jang/Desktop/Projects/Parcel/research/20260823/continuous-body-intent/results/state_idle_hold.json
