{
  "base_pose": {
    "drift_xy_m": 2.839961,
    "drift_z_m": 0.0,
    "max_excursion_xy_m": 2.839961,
    "poll_errors": 0,
    "samples": 586
  },
  "byte_identity": {
    "byte_identical": true,
    "composer_messages": 3402,
    "first_difference": null,
    "today_messages": 3402
  },
  "composer": {
    "clamp_events": 0,
    "emergency_ticks": 0,
    "epoch": 0,
    "hold_ticks": 0,
    "limited_ticks": 1,
    "max_clamp_excess_frac": 0.0,
    "seq": 29973
  },
  "derivatives": {
    "gaze_pitch": {
      "declared_jerk_bound": 5000.0,
      "max_abs_d1": 0.0,
      "max_abs_d2": 0.0,
      "max_abs_d3": 0.0,
      "max_d3_over_bound_ratio": 0.0,
      "samples": 29970,
      "ticks_over_bound": 0,
      "ticks_over_bound_beyond_1pct": 0
    },
    "gaze_yaw": {
      "declared_jerk_bound": 4000.0,
      "max_abs_d1": 1.660673,
      "max_abs_d2": 66.6055,
      "max_abs_d3": 4720.31,
      "max_d3_over_bound_ratio": 1.18008,
      "samples": 29970,
      "ticks_over_bound": 1,
      "ticks_over_bound_beyond_1pct": 1
    },
    "posture_dz": {
      "declared_jerk_bound": 100.0,
      "max_abs_d1": 0.0,
      "max_abs_d2": 0.0,
      "max_abs_d3": 0.0,
      "max_d3_over_bound_ratio": 0.0,
      "samples": 29970,
      "ticks_over_bound": 0,
      "ticks_over_bound_beyond_1pct": 0
    },
    "posture_pitch": {
      "declared_jerk_bound": 500.0,
      "max_abs_d1": 0.0,
      "max_abs_d2": 0.0,
      "max_abs_d3": 0.0,
      "max_d3_over_bound_ratio": 0.0,
      "samples": 29970,
      "ticks_over_bound": 0,
      "ticks_over_bound_beyond_1pct": 0
    },
    "posture_roll": {
      "declared_jerk_bound": 500.0,
      "max_abs_d1": 0.0,
      "max_abs_d2": 0.0,
      "max_abs_d3": 0.0,
      "max_d3_over_bound_ratio": 0.0,
      "samples": 29970,
      "ticks_over_bound": 0,
      "ticks_over_bound_beyond_1pct": 0
    }
  },
  "emission_hz_mean": 49.953,
  "envelope_violations": 0,
  "estop": {
    "injected": false
  },
  "fake_quadruped": {
    "dropped_axes": {},
    "frames": 29973,
    "hold_frames": 0,
    "manifest": "research_fake_quadruped",
    "move_frames": 29973,
    "neck_yaw_rad": 0.0,
    "rate_refusals": 1,
    "watchdog_faults": 0
  },
  "gap_ms_max": 82.895,
  "gap_ms_p50": 20.0,
  "gap_ms_p99": 22.954,
  "gaps_over_100ms": 0,
  "go2_stub": {
    "adapter_calls_attempted": 29973,
    "adapter_refusals": 29973,
    "calls_planned": {
      "Euler": 0,
      "Move": 29973,
      "StopMove": 0
    }
  },
  "ipc": {
    "local_validation_failures": [],
    "messages_sent": 3403,
    "reply_samples": 68,
    "seeded_rejection_probe": "expression.FL_thigh exceeds the expressive overlay limit",
    "server_rejections": [],
    "transport_drops": 0,
    "transport_retries": 0
  },
  "seconds": 600.026,
  "sim_adapter": {
    "expression_publishes": 1,
    "stop_publishes": 0,
    "velocity_publishes": 3402
  },
  "state": "navigating",
  "ticks": 29973,
  "trace_points": 1198
}
wrote /home/jaewoo-jang/Desktop/Projects/Parcel/research/20260823/continuous-body-intent/results/state_navigating.json
