{"progress": 100, "total": 580}
{"progress": 200, "total": 580}
{"progress": 300, "total": 580}
{"progress": 400, "total": 580}
{"progress": 500, "total": 580}
	Command being timed: "python3 research/20260829/dynamic-social-progress-2/experiment.py --split test --frozen-manifest research/20260829/dynamic-social-progress-2/FROZEN_MANIFEST.json --output research/20260829/dynamic-social-progress-2/evidence/pass-1.json --digest-output research/20260829/dynamic-social-progress-2/evidence/pass-1.digests.json"
	User time (seconds): 26.62
	System time (seconds): 0.18
	Percent of CPU this job got: 99%
	Elapsed (wall clock) time (h:mm:ss or m:ss): 0:26.81
	Average shared text size (kbytes): 0
	Average unshared data size (kbytes): 0
	Average stack size (kbytes): 0
	Average total size (kbytes): 0
	Maximum resident set size (kbytes): 299716
	Average resident set size (kbytes): 0
	Major (requiring I/O) page faults: 0
	Minor (reclaiming a frame) page faults: 86114
	Voluntary context switches: 1
	Involuntary context switches: 50
	Swaps: 0
	File system inputs: 0
	File system outputs: 89104
	Socket messages sent: 0
	Socket messages received: 0
	Signals delivered: 0
	Page size (bytes): 4096
	Exit status: 0
